Microchip MPLAB XC8 Compiler V2.00 ()

Linker command line:

-W-3 --edf=C:\Program Files (x86)\Microchip\xc8\v2.00\pic\dat\en_msgs.txt \
  -cs \
  -h+dist/default/production\2019_06_07-prj_masina_esc_uart.X.production.sym \
  --cmf=dist/default/production\2019_06_07-prj_masina_esc_uart.X.production.cmf \
  -z -Q18F4431 -oC:\Users\Cristi\AppData\Local\Temp\s4c8.2 \
  --defsym=__MPLAB_BUILD=1 \
  -Mdist/default/production/2019_06_07-prj_masina_esc_uart.X.production.map \
  -E1 -ver=XC8 --acfsm=1493 -ASTACK=060h-02ffh -pstack=STACK \
  -ACODE=00h-03FFFh -ACONST=00h-03FFFh -ASMALLCONST=0300h-03FFhx61 \
  -AMEDIUMCONST=0300h-03FFFh -ACOMRAM=01h-05Fh -AABS1=00h-02FFh \
  -ABIGRAM=01h-02FFh -ARAM=060h-0FFh,0100h-01FFhx2 -ABANK0=060h-0FFh \
  -ABANK1=0100h-01FFh -ABANK2=0200h-02FFh -ASFR=0F60h-0FFFh \
  -preset_vec=00h,intcode=08h,intcodelo=018h,powerup,init -pramtop=0300h \
  -psmallconst=SMALLCONST -pmediumconst=MEDIUMCONST -pconst=CONST \
  -AFARRAM=00h-00h -ACONFIG=0300000h-030000Dh -pconfig=CONFIG \
  -AIDLOC=0200000h-0200007h -pidloc=IDLOC -AEEDATA=0F00000h-0F000FFh \
  -peeprom_data=EEDATA \
  -prdata=COMRAM,nvrram=COMRAM,nvbit=COMRAM,rbss=COMRAM,rbit=COMRAM \
  -pfarbss=FARRAM,fardata=FARRAM,nvFARRAM=FARRAM \
  -pintsave_regs=BIGRAM,bigbss=BIGRAM,bigdata=BIGRAM -pbss=RAM \
  -pidata=CODE,irdata=CODE,ibigdata=CODE,ifardata=CODE -prparam=COMRAM \
  C:\Users\Cristi\AppData\Local\Temp\s4c8.o \
  dist/default/production\2019_06_07-prj_masina_esc_uart.X.production.o 

Object code version is 3.11

Machine type is 18F4431

Call graph: (short form)




                Name                               Link     Load   Length Selector   Space Scale
C:\Users\Cristi\AppData\Local\Temp\s4c8.o
                init                                15A      15A        4        C       0
                reset_vec                             0        0        4        0       0
                idloc                            200000   200000        8   200000       0
                config                           300000   300000        E   300000       0
dist/default/production\2019_06_07-prj_masina_esc_uart.X.production.o
                intcodelo                            18       18      142        C       0
                intcode                               8        8        6        4       0
                temp                                 2B       2B        1        1       1
                intcode_body                        15E      15E      28C        C       0
                text12                              5D2      5D2       18        C       0
                text11                              55A      55A       24        C       0
                text10                              654      654       10        C       0
                text9                               644      644       10        C       0
                text8                               634      634       10        C       0
                text7                               624      624       10        C       0
                text6                               5EA      5EA       16        C       0
                text5                               59C      59C       1E        C       0
                text4                               5BA      5BA       18        C       0
                text3                               612      612       12        C       0
                text2                               57E      57E       1E        C       0
                text1                               600      600       12        C       0
                text0                               3EA      3EA      136        C       0
                cstackCOMRAM                         1A       1A        8        1       1
                dataCOMRAM                           22       22        7        1       1
                bssCOMRAM                             1        1       19        1       1
                cinit                               520      520       3A        C       0
                nvCOMRAM                             29       29        2        1       1
                idataCOMRAM                         664      664        7        C       0

TOTAL           Name                               Link     Load   Length     Space
        CLASS   STACK          

        CLASS   CODE           
                intcodelo                            18       18      142         0
                intcode                               8        8        6         0
                init                                15A      15A        4         0
                reset_vec                             0        0        4         0
                intcode_body                        15E      15E      28C         0
                text12                              5D2      5D2       18         0
                text11                              55A      55A       24         0
                text10                              654      654       10         0
                text9                               644      644       10         0
                text8                               634      634       10         0
                text7                               624      624       10         0
                text6                               5EA      5EA       16         0
                text5                               59C      59C       1E         0
                text4                               5BA      5BA       18         0
                text3                               612      612       12         0
                text2                               57E      57E       1E         0
                text1                               600      600       12         0
                text0                               3EA      3EA      136         0
                cinit                               520      520       3A         0
                idataCOMRAM                         664      664        7         0

        CLASS   CONST          

        CLASS   SMALLCONST     

        CLASS   MEDIUMCONST    

        CLASS   COMRAM         
                temp                                 2B       2B        1         1
                cstackCOMRAM                         1A       1A        8         1
                dataCOMRAM                           22       22        7         1
                bssCOMRAM                             1        1       19         1
                nvCOMRAM                             29       29        2         1

        CLASS   ABS1           

        CLASS   BIGRAM         

        CLASS   RAM            

        CLASS   BANK0          

        CLASS   BANK1          

        CLASS   BANK2          

        CLASS   SFR            

        CLASS   FARRAM         

        CLASS   CONFIG         
                config                           300000   300000        E         0

        CLASS   IDLOC          
                idloc                            200000   200000        8         0

        CLASS   EEDATA         



SEGMENTS        Name                           Load    Length   Top    Selector   Space  Class

                reset_vec                      000000  000004  000004         0       0  CODE    
                bssCOMRAM                      000001  00002B  00002C         1       1  COMRAM  
                intcode                        000008  000006  00000E         4       0  CODE    
                intcodelo                      000018  000653  00066B         C       0  CODE    
                idloc                          200000  000008  200008    200000       0  IDLOC   
                config                         300000  00000E  30000E    300000       0  CONFIG  


UNUSED ADDRESS RANGES

        Name                Unused          Largest block    Delta
        BANK0            000060-0000FF               A0
        BANK1            000100-0001FF              100
        BANK2            000200-0002FF              100
        BIGRAM           00002C-0002FF              2D4
        CODE             000004-000007                4
                         00000E-000017                A
                         00066B-003FFF             3995
        COMRAM           00002C-00005F               34
        CONST            000004-000007                4
                         00000E-000017                A
                         00066B-003FFF             3995
        EEDATA           F00000-F000FF              100
        MEDIUMCONST      00066B-003FFF             3995
        RAM              000060-0002FF              100
        SFR              000F60-000FFF               A0
        SMALLCONST       00066B-003FFF              100
        STACK            000060-0002FF              2A0

                                  Symbol Table

?_ADCRead1               cstackCOMRAM 000020
DC0pcpwm@dutycycle       cstackCOMRAM 000020
DC1pcpwm@dutycycle       cstackCOMRAM 000020
DC2pcpwm@dutycycle       cstackCOMRAM 000020
DC3pcpwm@dutycycle       cstackCOMRAM 000020
USARTWriteByte@ch        cstackCOMRAM 000020
_ADCHS                   (abs)        000F99
_ADCInit                 text12       0005D2
_ADCON0                  (abs)        000FC2
_ADCON1                  (abs)        000FC1
_ADCON2                  (abs)        000FC0
_ADCRead1                text11       00055A
_ADIF                    (abs)        007CF6
_ADON                    (abs)        007E10
_ADRESH                  (abs)        000FC4
_ANSEL0                  (abs)        000FB8
_BRG16                   (abs)        007D53
_BRGH                    (abs)        007D62
_CREN                    (abs)        007D5C
_DC0pcpwm                text10       000654
_DC1pcpwm                text9        000644
_DC2pcpwm                text8        000634
_DC3pcpwm                text7        000624
_GIEH                    (abs)        007F97
_GIEL                    (abs)        007F96
_GODONE                  (abs)        007E11
_INTCONbits              (abs)        000FF2
_IPR1bits                (abs)        000F9F
_InterruptInit           text6        0005EA
_OVDCOND                 (abs)        000F6B
_OVDCONDbits             (abs)        000F6B
_OVDCONS                 (abs)        000F6A
_PDC0H                   (abs)        000F78
_PDC0L                   (abs)        000F79
_PDC1H                   (abs)        000F76
_PDC1L                   (abs)        000F77
_PDC2H                   (abs)        000F74
_PDC2L                   (abs)        000F75
_PDC3H                   (abs)        000F72
_PDC3L                   (abs)        000F73
_PIE1bits                (abs)        000F9D
_PIR1bits                (abs)        000F9E
_PORTB                   (abs)        000F81
_PORTCbits               (abs)        000F82
_PTCON0                  (abs)        000F7F
_PTCON1                  (abs)        000F7E
_PTPERH                  (abs)        000F7A
_PTPERL                  (abs)        000F7B
_PWMCON0                 (abs)        000F6F
_PWMCON1                 (abs)        000F6E
_PWMCON1bits             (abs)        000F6E
_PWMInit                 text5        00059C
_PortInit                text4        0005BA
_RCONbits                (abs)        000FD0
_RCREG                   (abs)        000FAE
_SPBRG                   (abs)        000FAF
_SPEN                    (abs)        007D5F
_SYNC                    (abs)        007D64
_T0CON                   (abs)        000FD5
_TMR0                    (abs)        000FD6
_TMR0IE                  (abs)        007F95
_TMR0IF                  (abs)        007F92
_TMR0IP                  (abs)        007F8A
_TRISA                   (abs)        000F92
_TRISB                   (abs)        000F93
_TRISC                   (abs)        000F94
_TRISD                   (abs)        000F95
_TXEN                    (abs)        007D65
_TXIF                    (abs)        007CF4
_TXREG                   (abs)        000FAD
_Timer0Init              text3        000612
_USARTWriteByte          text2        00057E
__CFG_BOREN$OFF          (abs)        000000
__CFG_CP0$OFF            (abs)        000000
__CFG_CP1$OFF            (abs)        000000
__CFG_CP2$OFF            (abs)        000000
__CFG_CP3$OFF            (abs)        000000
__CFG_CPB$OFF            (abs)        000000
__CFG_CPD$OFF            (abs)        000000
__CFG_EBTR0$OFF          (abs)        000000
__CFG_EBTR1$OFF          (abs)        000000
__CFG_EBTR2$OFF          (abs)        000000
__CFG_EBTR3$OFF          (abs)        000000
__CFG_EBTRB$OFF          (abs)        000000
__CFG_EXCLKMX$RC3        (abs)        000000
__CFG_FCMEN$OFF          (abs)        000000
__CFG_FLTAMX$RC1         (abs)        000000
__CFG_HPOL$HIGH          (abs)        000000
__CFG_IESO$OFF           (abs)        000000
__CFG_LPOL$HIGH          (abs)        000000
__CFG_LVP$OFF            (abs)        000000
__CFG_MCLRE$OFF          (abs)        000000
__CFG_OSC$HSPLL          (abs)        000000
__CFG_PWM4MX$RB5         (abs)        000000
__CFG_PWMPIN$OFF         (abs)        000000
__CFG_PWRTEN$OFF         (abs)        000000
__CFG_SSPMX$RD1          (abs)        000000
__CFG_STVREN$OFF         (abs)        000000
__CFG_T1OSCMX$OFF        (abs)        000000
__CFG_WDPS$32768         (abs)        000000
__CFG_WDTEN$OFF          (abs)        000000
__CFG_WINEN$OFF          (abs)        000000
__CFG_WRT0$OFF           (abs)        000000
__CFG_WRT1$OFF           (abs)        000000
__CFG_WRT2$OFF           (abs)        000000
__CFG_WRT3$OFF           (abs)        000000
__CFG_WRTB$OFF           (abs)        000000
__CFG_WRTC$OFF           (abs)        000000
__CFG_WRTD$OFF           (abs)        000000
__HRAM                   (abs)        000000
__Habs1                  abs1         000000
__Hbank0                 bank0        000000
__Hbank1                 bank1        000000
__Hbank2                 bank2        000000
__Hbigbss                bigbss       000000
__Hbigdata               bigdata      000000
__Hbigram                bigram       000000
__Hbss                   bss          000000
__HbssCOMRAM             bssCOMRAM    000000
__Hcinit                 cinit        000000
__Hclrtext               clrtext      000000
__Hcomram                comram       000000
__Hconfig                config       30000E
__Hconst                 const        000000
__HcstackCOMRAM          cstackCOMRAM 000000
__Hdata                  data         000000
__HdataCOMRAM            dataCOMRAM   000000
__Heeprom_data           eeprom_data  000000
__Hfarbss                farbss       000000
__Hfardata               fardata      000000
__Hibigdata              ibigdata     000000
__Hidata                 idata        000000
__HidataCOMRAM           idataCOMRAM  000000
__Hidloc                 idloc        200008
__Hifardata              ifardata     000000
__Hinit                  init         00015E
__Hintcode               intcode      00000E
__Hintcode_body          intcode_body 000000
__Hintcodelo             intcodelo    00015A
__Hintentry              intentry     000000
__Hintret                intret       000000
__Hintsave_regs          intsave_regs 000000
__Hirdata                irdata       000000
__Hmediumconst           mediumconst  000000
__HnvCOMRAM              nvCOMRAM     000000
__HnvFARRAM              nvFARRAM     000000
__Hnvbit                 nvbit        000000
__Hnvrram                nvrram       000000
__Hparam                 rparam       000000
__Hpowerup               powerup      00015A
__Hram                   ram          000000
__Hramtop                ramtop       000300
__Hrbit                  rbit         000000
__Hrbss                  rbss         000000
__Hrdata                 rdata        000000
__Hreset_vec             reset_vec    000004
__Hrparam                rparam       000000
__Hsfr                   sfr          000000
__Hsmallconst            smallconst   000000
__Hspace_0               (abs)        30000E
__Hspace_1               (abs)        00002C
__Hspace_2               (abs)        000000
__Hstack                 stack        000000
__Hstruct                struct       000000
__Htemp                  temp         00002C
__Htext                  text         000000
__Htext0                 text0        000000
__Htext1                 text1        000000
__Htext10                text10       000000
__Htext11                text11       000000
__Htext12                text12       000000
__Htext2                 text2        000000
__Htext3                 text3        000000
__Htext4                 text4        000000
__Htext5                 text5        000000
__Htext6                 text6        000000
__Htext7                 text7        000000
__Htext8                 text8        000000
__Htext9                 text9        000000
__LRAM                   (abs)        000001
__Labs1                  abs1         000000
__Lbank0                 bank0        000000
__Lbank1                 bank1        000000
__Lbank2                 bank2        000000
__Lbigbss                bigbss       000000
__Lbigdata               bigdata      000000
__Lbigram                bigram       000000
__Lbss                   bss          000000
__LbssCOMRAM             bssCOMRAM    000000
__Lcinit                 cinit        000000
__Lclrtext               clrtext      000000
__Lcomram                comram       000000
__Lconfig                config       300000
__Lconst                 const        000000
__LcstackCOMRAM          cstackCOMRAM 000000
__Ldata                  data         000000
__LdataCOMRAM            dataCOMRAM   000000
__Leeprom_data           eeprom_data  000000
__Lfarbss                farbss       000000
__Lfardata               fardata      000000
__Libigdata              ibigdata     000000
__Lidata                 idata        000000
__LidataCOMRAM           idataCOMRAM  000000
__Lidloc                 idloc        200000
__Lifardata              ifardata     000000
__Linit                  init         00015A
__Lintcode               intcode      000008
__Lintcode_body          intcode_body 000000
__Lintcodelo             intcodelo    000018
__Lintentry              intentry     000000
__Lintret                intret       000000
__Lintsave_regs          intsave_regs 000000
__Lirdata                irdata       000000
__Lmediumconst           mediumconst  000000
__LnvCOMRAM              nvCOMRAM     000000
__LnvFARRAM              nvFARRAM     000000
__Lnvbit                 nvbit        000000
__Lnvrram                nvrram       000000
__Lparam                 rparam       000000
__Lpowerup               powerup      00015A
__Lram                   ram          000000
__Lramtop                ramtop       000300
__Lrbit                  rbit         000000
__Lrbss                  rbss         000000
__Lrdata                 rdata        000000
__Lreset_vec             reset_vec    000000
__Lrparam                rparam       000000
__Lsfr                   sfr          000000
__Lsmallconst            smallconst   000000
__Lspace_0               (abs)        000000
__Lspace_1               (abs)        000000
__Lspace_2               (abs)        000000
__Lstack                 stack        000000
__Lstruct                struct       000000
__Ltemp                  temp         00002B
__Ltext                  text         000000
__Ltext0                 text0        000000
__Ltext1                 text1        000000
__Ltext10                text10       000000
__Ltext11                text11       000000
__Ltext12                text12       000000
__Ltext2                 text2        000000
__Ltext3                 text3        000000
__Ltext4                 text4        000000
__Ltext5                 text5        000000
__Ltext6                 text6        000000
__Ltext7                 text7        000000
__Ltext8                 text8        000000
__Ltext9                 text9        000000
__S0                     (abs)        30000E
__S1                     (abs)        00002C
__S2                     (abs)        000000
___inthi_sp              stack        000000
___intlo_sp              stack        000000
___param_bank            (abs)        000000
___rparam_used           (abs)        000001
___sp                    stack        000000
__accesstop              (abs)        000060
__activetblptr           (abs)        000002
__end_of_ADCInit         text12       0005EA
__end_of_ADCRead1        text11       00057E
__end_of_DC0pcpwm        text10       000664
__end_of_DC1pcpwm        text9        000654
__end_of_DC2pcpwm        text8        000644
__end_of_DC3pcpwm        text7        000634
__end_of_InterruptInit   text6        000600
__end_of_PWMInit         text5        0005BA
__end_of_PortInit        text4        0005D2
__end_of_Timer0Init      text3        000624
__end_of_USARTWriteByte  text2        00059C
__end_of__initialization cinit        00054C
__end_of_init_UART       text1        000612
__end_of_main            text0        000520
__end_of_myHighIsr       intcode_body 0003EA
__end_of_myLowIsr        intcodelo    00015A
__initialization         cinit        000520
__mediumconst            mediumconst  000000
__pbssCOMRAM             bssCOMRAM    000001
__pcinit                 cinit        000520
__pcstackCOMRAM          cstackCOMRAM 00001A
__pdataCOMRAM            dataCOMRAM   000022
__pidataCOMRAM           idataCOMRAM  000664
__pintcode               intcode      000008
__pintcode_body          intcode_body 00015E
__pintcodelo             intcodelo    000018
__pnvCOMRAM              nvCOMRAM     000029
__ptext0                 text0        0003EA
__ptext1                 text1        000600
__ptext10                text10       000654
__ptext11                text11       00055A
__ptext12                text12       0005D2
__ptext2                 text2        00057E
__ptext3                 text3        000612
__ptext4                 text4        0005BA
__ptext5                 text5        00059C
__ptext6                 text6        0005EA
__ptext7                 text7        000624
__ptext8                 text8        000634
__ptext9                 text9        000644
__ramtop                 ramtop       000300
__size_of_ADCInit        (abs)        000000
__size_of_ADCRead1       (abs)        000000
__size_of_DC0pcpwm       (abs)        000000
__size_of_DC1pcpwm       (abs)        000000
__size_of_DC2pcpwm       (abs)        000000
__size_of_DC3pcpwm       (abs)        000000
__size_of_InterruptInit  (abs)        000000
__size_of_PWMInit        (abs)        000000
__size_of_PortInit       (abs)        000000
__size_of_Timer0Init     (abs)        000000
__size_of_USARTWriteByte (abs)        000000
__size_of_init_UART      (abs)        000000
__size_of_main           (abs)        000000
__size_of_myHighIsr      (abs)        000000
__size_of_myLowIsr       (abs)        000000
__smallconst             smallconst   000000
_adc_var                 bssCOMRAM    000015
_bin                     bssCOMRAM    000010
_count_step              bssCOMRAM    00000E
_delete                  bssCOMRAM    000016
_direction               nvCOMRAM     00002A
_init_UART               text1        000600
_j                       dataCOMRAM   000024
_k                       bssCOMRAM    00000A
_main                    text0        0003EA
_mode                    nvCOMRAM     000029
_myHighIsr               intcode      000008
_myLowIsr                intcodelo    000018
_posMS                   dataCOMRAM   000028
_power                   dataCOMRAM   000022
_pwm                     bssCOMRAM    000012
_read_adc_com            bssCOMRAM    000014
_rec_uart                bssCOMRAM    000001
_rec_uart1               bssCOMRAM    000017
_receive                 bssCOMRAM    000019
_speed                   bssCOMRAM    000008
_speed1                  dataCOMRAM   000027
_speed_desire            bssCOMRAM    00000C
_spi_cnt                 bssCOMRAM    000018
_spi_delay               bssCOMRAM    000006
_status                  dataCOMRAM   000026
btemp                    temp         00002B
end_of_initialization    cinit        00054C
int$flags                temp         00002B
int_func                 intcode_body 00015E
intlevel0                text         000000
intlevel1                text         000000
intlevel2                text         000000
intlevel3                text         000000
stackhi                  (abs)        0002FF
stacklo                  (abs)        000060
start                    init         00015A
start_initialization     cinit        000520
ttemp5                   temp         00002C
ttemp6                   temp         00002F
ttemp7                   temp         000033
wtemp8                   temp         00002C


FUNCTION INFORMATION:

 *************** function _main *****************
 Defined at:
		line 214 in file "D:/root/scoala/teste_n_5/2019_06_07-prj_masina_esc_uart/main.c"
 Parameters:    Size  Location     Type
		None
 Auto vars:     Size  Location     Type
		None
 Return value:  Size  Location     Type
                  1    wreg      void 
 Registers used:
		wreg, status,2, status,0, cstack
 Tracked objects:
		On entry : 
		On exit  : 
		Unchanged: 
 Data sizes:     COMRAM   BANK0   BANK1   BANK2
      Params:         0       0       0       0
      Locals:         0       0       0       0
      Temps:          0       0       0       0
      Totals:         0       0       0       0
Total ram usage:        0 bytes
 Hardware stack levels required when called:    3
 This function calls:
		_ADCInit
		_ADCRead1
		_DC0pcpwm
		_DC1pcpwm
		_DC2pcpwm
		_DC3pcpwm
		_InterruptInit
		_PWMInit
		_PortInit
		_Timer0Init
		_USARTWriteByte
		_init_UART
 This function is called by:
		Startup code after reset
 This function uses a non-reentrant model


 *************** function _init_UART *****************
 Defined at:
		line 165 in file "D:/root/scoala/teste_n_5/2019_06_07-prj_masina_esc_uart/main.c"
 Parameters:    Size  Location     Type
		None
 Auto vars:     Size  Location     Type
		None
 Return value:  Size  Location     Type
                  1    wreg      void 
 Registers used:
		wreg, status,2
 Tracked objects:
		On entry : 
		On exit  : 
		Unchanged: 
 Data sizes:     COMRAM   BANK0   BANK1   BANK2
      Params:         0       0       0       0
      Locals:         0       0       0       0
      Temps:          0       0       0       0
      Totals:         0       0       0       0
Total ram usage:        0 bytes
 Hardware stack levels used:    1
 Hardware stack levels required when called:    2
 This function calls:
		Nothing
 This function is called by:
		_main
 This function uses a non-reentrant model


 *************** function _USARTWriteByte *****************
 Defined at:
		line 176 in file "D:/root/scoala/teste_n_5/2019_06_07-prj_masina_esc_uart/main.c"
 Parameters:    Size  Location     Type
  ch              1    wreg     unsigned char 
 Auto vars:     Size  Location     Type
  ch              1    6[COMRAM] unsigned char 
 Return value:  Size  Location     Type
                  1    wreg      void 
 Registers used:
		wreg
 Tracked objects:
		On entry : 
		On exit  : 
		Unchanged: 
 Data sizes:     COMRAM   BANK0   BANK1   BANK2
      Params:         0       0       0       0
      Locals:         1       0       0       0
      Temps:          0       0       0       0
      Totals:         1       0       0       0
Total ram usage:        1 bytes
 Hardware stack levels used:    1
 Hardware stack levels required when called:    2
 This function calls:
		Nothing
 This function is called by:
		_main
 This function uses a non-reentrant model


 *************** function _Timer0Init *****************
 Defined at:
		line 132 in file "D:/root/scoala/teste_n_5/2019_06_07-prj_masina_esc_uart/main.c"
 Parameters:    Size  Location     Type
		None
 Auto vars:     Size  Location     Type
		None
 Return value:  Size  Location     Type
                  1    wreg      void 
 Registers used:
		wreg, status,2
 Tracked objects:
		On entry : 
		On exit  : 
		Unchanged: 
 Data sizes:     COMRAM   BANK0   BANK1   BANK2
      Params:         0       0       0       0
      Locals:         0       0       0       0
      Temps:          0       0       0       0
      Totals:         0       0       0       0
Total ram usage:        0 bytes
 Hardware stack levels used:    1
 Hardware stack levels required when called:    2
 This function calls:
		Nothing
 This function is called by:
		_main
 This function uses a non-reentrant model


 *************** function _PortInit *****************
 Defined at:
		line 140 in file "D:/root/scoala/teste_n_5/2019_06_07-prj_masina_esc_uart/main.c"
 Parameters:    Size  Location     Type
		None
 Auto vars:     Size  Location     Type
		None
 Return value:  Size  Location     Type
                  1    wreg      void 
 Registers used:
		wreg, status,2
 Tracked objects:
		On entry : 
		On exit  : 
		Unchanged: 
 Data sizes:     COMRAM   BANK0   BANK1   BANK2
      Params:         0       0       0       0
      Locals:         0       0       0       0
      Temps:          0       0       0       0
      Totals:         0       0       0       0
Total ram usage:        0 bytes
 Hardware stack levels used:    1
 Hardware stack levels required when called:    2
 This function calls:
		Nothing
 This function is called by:
		_main
 This function uses a non-reentrant model


 *************** function _PWMInit *****************
 Defined at:
		line 126 in file "D:/root/scoala/teste_n_5/2019_06_07-prj_masina_esc_uart/pcpwm.c"
 Parameters:    Size  Location     Type
		None
 Auto vars:     Size  Location     Type
		None
 Return value:  Size  Location     Type
                  1    wreg      void 
 Registers used:
		wreg, status,2
 Tracked objects:
		On entry : 
		On exit  : 
		Unchanged: 
 Data sizes:     COMRAM   BANK0   BANK1   BANK2
      Params:         0       0       0       0
      Locals:         0       0       0       0
      Temps:          0       0       0       0
      Totals:         0       0       0       0
Total ram usage:        0 bytes
 Hardware stack levels used:    1
 Hardware stack levels required when called:    2
 This function calls:
		Nothing
 This function is called by:
		_main
 This function uses a non-reentrant model


 *************** function _InterruptInit *****************
 Defined at:
		line 150 in file "D:/root/scoala/teste_n_5/2019_06_07-prj_masina_esc_uart/main.c"
 Parameters:    Size  Location     Type
		None
 Auto vars:     Size  Location     Type
		None
 Return value:  Size  Location     Type
                  1    wreg      void 
 Registers used:
		None
 Tracked objects:
		On entry : 
		On exit  : 
		Unchanged: 
 Data sizes:     COMRAM   BANK0   BANK1   BANK2
      Params:         0       0       0       0
      Locals:         0       0       0       0
      Temps:          0       0       0       0
      Totals:         0       0       0       0
Total ram usage:        0 bytes
 Hardware stack levels used:    1
 Hardware stack levels required when called:    2
 This function calls:
		Nothing
 This function is called by:
		_main
 This function uses a non-reentrant model


 *************** function _DC3pcpwm *****************
 Defined at:
		line 162 in file "D:/root/scoala/teste_n_5/2019_06_07-prj_masina_esc_uart/pcpwm.c"
 Parameters:    Size  Location     Type
  dutycycle       2    6[COMRAM] unsigned int 
 Auto vars:     Size  Location     Type
		None
 Return value:  Size  Location     Type
                  1    wreg      void 
 Registers used:
		wreg, status,2, status,0
 Tracked objects:
		On entry : 
		On exit  : 
		Unchanged: 
 Data sizes:     COMRAM   BANK0   BANK1   BANK2
      Params:         2       0       0       0
      Locals:         0       0       0       0
      Temps:          0       0       0       0
      Totals:         2       0       0       0
Total ram usage:        2 bytes
 Hardware stack levels used:    1
 Hardware stack levels required when called:    2
 This function calls:
		Nothing
 This function is called by:
		_main
 This function uses a non-reentrant model


 *************** function _DC2pcpwm *****************
 Defined at:
		line 154 in file "D:/root/scoala/teste_n_5/2019_06_07-prj_masina_esc_uart/pcpwm.c"
 Parameters:    Size  Location     Type
  dutycycle       2    6[COMRAM] unsigned int 
 Auto vars:     Size  Location     Type
		None
 Return value:  Size  Location     Type
                  1    wreg      void 
 Registers used:
		wreg, status,2, status,0
 Tracked objects:
		On entry : 
		On exit  : 
		Unchanged: 
 Data sizes:     COMRAM   BANK0   BANK1   BANK2
      Params:         2       0       0       0
      Locals:         0       0       0       0
      Temps:          0       0       0       0
      Totals:         2       0       0       0
Total ram usage:        2 bytes
 Hardware stack levels used:    1
 Hardware stack levels required when called:    2
 This function calls:
		Nothing
 This function is called by:
		_main
 This function uses a non-reentrant model


 *************** function _DC1pcpwm *****************
 Defined at:
		line 147 in file "D:/root/scoala/teste_n_5/2019_06_07-prj_masina_esc_uart/pcpwm.c"
 Parameters:    Size  Location     Type
  dutycycle       2    6[COMRAM] unsigned int 
 Auto vars:     Size  Location     Type
		None
 Return value:  Size  Location     Type
                  1    wreg      void 
 Registers used:
		wreg, status,2, status,0
 Tracked objects:
		On entry : 
		On exit  : 
		Unchanged: 
 Data sizes:     COMRAM   BANK0   BANK1   BANK2
      Params:         2       0       0       0
      Locals:         0       0       0       0
      Temps:          0       0       0       0
      Totals:         2       0       0       0
Total ram usage:        2 bytes
 Hardware stack levels used:    1
 Hardware stack levels required when called:    2
 This function calls:
		Nothing
 This function is called by:
		_main
 This function uses a non-reentrant model


 *************** function _DC0pcpwm *****************
 Defined at:
		line 139 in file "D:/root/scoala/teste_n_5/2019_06_07-prj_masina_esc_uart/pcpwm.c"
 Parameters:    Size  Location     Type
  dutycycle       2    6[COMRAM] unsigned int 
 Auto vars:     Size  Location     Type
		None
 Return value:  Size  Location     Type
                  1    wreg      void 
 Registers used:
		wreg, status,2, status,0
 Tracked objects:
		On entry : 
		On exit  : 
		Unchanged: 
 Data sizes:     COMRAM   BANK0   BANK1   BANK2
      Params:         2       0       0       0
      Locals:         0       0       0       0
      Temps:          0       0       0       0
      Totals:         2       0       0       0
Total ram usage:        2 bytes
 Hardware stack levels used:    1
 Hardware stack levels required when called:    2
 This function calls:
		Nothing
 This function is called by:
		_main
 This function uses a non-reentrant model


 *************** function _ADCRead1 *****************
 Defined at:
		line 204 in file "D:/root/scoala/teste_n_5/2019_06_07-prj_masina_esc_uart/main.c"
 Parameters:    Size  Location     Type
		None
 Auto vars:     Size  Location     Type
		None
 Return value:  Size  Location     Type
                  2    6[COMRAM] unsigned int 
 Registers used:
		wreg, status,2
 Tracked objects:
		On entry : 
		On exit  : 
		Unchanged: 
 Data sizes:     COMRAM   BANK0   BANK1   BANK2
      Params:         2       0       0       0
      Locals:         0       0       0       0
      Temps:          0       0       0       0
      Totals:         2       0       0       0
Total ram usage:        2 bytes
 Hardware stack levels used:    1
 Hardware stack levels required when called:    2
 This function calls:
		Nothing
 This function is called by:
		_main
 This function uses a non-reentrant model


 *************** function _ADCInit *****************
 Defined at:
		line 192 in file "D:/root/scoala/teste_n_5/2019_06_07-prj_masina_esc_uart/main.c"
 Parameters:    Size  Location     Type
		None
 Auto vars:     Size  Location     Type
		None
 Return value:  Size  Location     Type
                  1    wreg      void 
 Registers used:
		wreg, status,2
 Tracked objects:
		On entry : 
		On exit  : 
		Unchanged: 
 Data sizes:     COMRAM   BANK0   BANK1   BANK2
      Params:         0       0       0       0
      Locals:         0       0       0       0
      Temps:          0       0       0       0
      Totals:         0       0       0       0
Total ram usage:        0 bytes
 Hardware stack levels used:    1
 Hardware stack levels required when called:    2
 This function calls:
		Nothing
 This function is called by:
		_main
 This function uses a non-reentrant model


 *************** function _myLowIsr *****************
 Defined at:
		line 36 in file "D:/root/scoala/teste_n_5/2019_06_07-prj_masina_esc_uart/main.c"
 Parameters:    Size  Location     Type
		None
 Auto vars:     Size  Location     Type
		None
 Return value:  Size  Location     Type
                  1    wreg      void 
 Registers used:
		wreg, status,2, status,0
 Tracked objects:
		On entry : 
		On exit  : 
		Unchanged: 
 Data sizes:     COMRAM   BANK0   BANK1   BANK2
      Params:         0       0       0       0
      Locals:         0       0       0       0
      Temps:          4       0       0       0
      Totals:         4       0       0       0
Total ram usage:        4 bytes
 Hardware stack levels used:    1
 Hardware stack levels required when called:    1
 This function calls:
		Nothing
 This function is called by:
		Interrupt level 1
 This function uses a non-reentrant model


 *************** function _myHighIsr *****************
 Defined at:
		line 59 in file "D:/root/scoala/teste_n_5/2019_06_07-prj_masina_esc_uart/main.c"
 Parameters:    Size  Location     Type
		None
 Auto vars:     Size  Location     Type
		None
 Return value:  Size  Location     Type
                  1    wreg      void 
 Registers used:
		wreg, status,2, status,0
 Tracked objects:
		On entry : 
		On exit  : 
		Unchanged: 
 Data sizes:     COMRAM   BANK0   BANK1   BANK2
      Params:         0       0       0       0
      Locals:         0       0       0       0
      Temps:          2       0       0       0
      Totals:         2       0       0       0
Total ram usage:        2 bytes
 Hardware stack levels used:    1
 This function calls:
		Nothing
 This function is called by:
		Interrupt level 2
 This function uses a non-reentrant model



MODULE INFORMATION

Module		Function		Class		Link	Load	Size
D:/root/scoala/teste_n_5/2019_06_07-prj_masina_esc_uart/pcpwm.c
		_PWMInit       		CODE           	059C	0000	31
		_DC0pcpwm      		CODE           	0654	0000	17
		_DC1pcpwm      		CODE           	0644	0000	17
		_DC2pcpwm      		CODE           	0634	0000	17
		_DC3pcpwm      		CODE           	0624	0000	17

D:/root/scoala/teste_n_5/2019_06_07-prj_masina_esc_uart/pcpwm.c estimated size: 99

D:/root/scoala/teste_n_5/2019_06_07-prj_masina_esc_uart/main.c
		_ADCInit       		CODE           	05D2	0000	25
		_main          		CODE           	03EA	0000	311
		_InterruptInit 		CODE           	05EA	0000	23
		_myLowIsr      		CODE           	0018	0000	323
		_init_UART     		CODE           	0600	0000	19
		_myHighIsr     		CODE           	0008	0000	659
		_USARTWriteByte		CODE           	057E	0000	31
		_ADCRead1      		CODE           	055A	0000	37
		_PortInit      		CODE           	05BA	0000	25
		_Timer0Init    		CODE           	0612	0000	19

D:/root/scoala/teste_n_5/2019_06_07-prj_masina_esc_uart/main.c estimated size: 1472

shared
		__initialization		CODE           	0520	0000	45

shared estimated size: 45

